{
  "id": "tt2016511",
  "info": {
    "release": "2011-10-17T04:00:00.000Z",
    "title": {
      "default": "Charity Case"
    },
    "classification": "TV-14",
    "plot": "When Benjamin suddenly collapses after making a rare and generous donation, House and Dr. Chi Park are convinced that his extreme altruistic behavior may indicate a deeper medical disorder. With no definitive explanation for Benjamin's loss of consciousness and unresponsiveness to treatment, House pushes just the right buttons to recruit former prison doctor Jessica A... Read all",
    "genres": [
      "Drama",
      "Mystery"
    ],
    "type": "episode",
    "keywords": [
      "disabled character",
      "lesbian kiss",
      "muscle tremor",
      "ankle monitor",
      "debate"
    ],
    "language": [
      "English"
    ],
    "production": [
      {
        "name": "Heel & Toe Films",
        "href": "/company/co0022072?ref_=tt_dt_co_1"
      },
      {
        "name": "Shore Z Productions",
        "href": "/company/co0146945?ref_=tt_dt_co_2"
      },
      {
        "name": "Bad Hat Harry Productions",
        "href": "/company/co0057712?ref_=tt_dt_co_3"
      }
    ],
    "filmLocations": "Stage 10, 20th Century Fox Studios - 10201 Pico Blvd., Century City, Los Angeles, California, USA",
    "countryOfOrigin": "United States",
    "ratings": {
      "imdb": {
        "rating": "8.2",
        "votes": "2K"
      }
    },
    "tech": {
      "color": [
        "Color"
      ],
      "soundmix": [
        "Dolby Digital"
      ],
      "aspectRatio": "16:9 HD",
      "runtime": "44 minutes"
    },
    "links": {
      "officialSite": []
    }
  },
  "media": {
    "poster": "https://m.media-amazon.com/images/M/MV5BMjAxNDg2NzYzOF5BMl5BanBnXkFtZTcwNzA1NzI5Ng@@._V1_QL75_UY562_CR232,0,380,562_.jpg",
    "trailer": "/video/vi2810559769?playlistId=tt2016511&ref_=tt_ov_vi",
    "photos": [
      "https://m.media-amazon.com/images/M/MV5BNDYyMDE1NDQ0M15BMl5BanBnXkFtZTgwMzIzMTEzMjE@._V1_QL75_UY280_CR47,0,280,280_.jpg",
      "https://m.media-amazon.com/images/M/MV5BMjAxMjc3MTEzNl5BMl5BanBnXkFtZTcwODA1NzI5Ng@@._V1_QL75_UY280_CR50,0,280,280_.jpg",
      "https://m.media-amazon.com/images/M/MV5BNDQ3MTkxOTY3Ml5BMl5BanBnXkFtZTcwOTA1NzI5Ng@@._V1_QL75_UY280_CR70,0,280,280_.jpg",
      "https://m.media-amazon.com/images/M/MV5BMzQzNTMxMjg3NV5BMl5BanBnXkFtZTcwMDE1NzI5Ng@@._V1_QL75_UY280_CR60,0,280,280_.jpg",
      "https://m.media-amazon.com/images/M/MV5BMjA5OTU3MTExMF5BMl5BanBnXkFtZTcwMTE1NzI5Ng@@._V1_QL75_UY280_CR70,0,280,280_.jpg",
      "https://m.media-amazon.com/images/M/MV5BNjcxMTM3NTAwOF5BMl5BanBnXkFtZTcwMjE1NzI5Ng@@._V1_QL75_UY280_CR70,0,280,280_.jpg",
      "https://m.media-amazon.com/images/M/MV5BMTY1ODQxMjA0MF5BMl5BanBnXkFtZTcwMzE1NzI5Ng@@._V1_QL75_UY280_CR70,0,280,280_.jpg",
      "https://m.media-amazon.com/images/M/MV5BMTkzOTQ5MjI5N15BMl5BanBnXkFtZTcwNDE1NzI5Ng@@._V1_QL75_UY280_CR63,0,280,280_.jpg",
      "https://m.media-amazon.com/images/M/MV5BMjE5MDUyMjI4NV5BMl5BanBnXkFtZTcwNTE1NzI5Ng@@._V1_QL75_UX280_CR0,0,280,280_.jpg",
      "https://m.media-amazon.com/images/M/MV5BMTQzODYzMTkzOV5BMl5BanBnXkFtZTcwNjE1NzI5Ng@@._V1_QL75_UX280_CR0,0,280,280_.jpg",
      "https://m.media-amazon.com/images/M/MV5BYjhkMWFmMzItMjUyZC00YjY3LTk4MTgtNmNmNWEzMjQxYmNkXkEyXkFqcGdeQXVyNDQ0MTYzMDA@._V1_QL75_UY280_CR98,0,280,280_.jpg",
      "https://m.media-amazon.com/images/M/MV5BYTNlMTIwZmYtMzhhYi00NDA4LWI2OTktMDQ0NzU0NTI2ZDc2XkEyXkFqcGdeQXVyNDQ0MTYzMDA@._V1_QL75_UY280_CR95,0,280,280_.jpg"
    ],
    "videos": [
      "/video/vi2810559769/?ref_=tt_vi_i_1",
      "/video/vi2760228121/?ref_=tt_vi_i_2"
    ]
  },
  "people": {
    "directors": [
      {
        "name": "Greg Yaitanes",
        "id": "nm0944981"
      }
    ],
    "writers": [
      {
        "name": "David Shore",
        "id": "nm0794914"
      },
      {
        "name": "Sara Hess",
        "id": "nm1802607"
      }
    ],
    "stars": [
      {
        "name": "Hugh Laurie",
        "id": "nm0491402"
      },
      {
        "name": "Omar Epps",
        "id": "nm0004898"
      },
      {
        "name": "Robert Sean Leonard",
        "id": "nm0000494"
      }
    ],
    "cast": [
      {
        "id": "nm0491402",
        "avatar": "https://m.media-amazon.com/images/M/MV5BNDYzNjAzMTYwOF5BMl5BanBnXkFtZTcwMTc3NTcxOA@@._V1_QL75_UX140_CR0,0,140,140_.jpg",
        "name": "Hugh Laurie",
        "episodes": null,
        "year": null,
        "as": "Dr. Gregory House"
      },
      {
        "id": "nm0004898",
        "avatar": "https://m.media-amazon.com/images/M/MV5BMTg2MjA2NTU2OF5BMl5BanBnXkFtZTgwNTE2OTkwNjM@._V1_QL75_UX140_CR0,12,140,140_.jpg",
        "name": "Omar Epps",
        "episodes": null,
        "year": null,
        "as": "Dr. Eric Foreman"
      },
      {
        "id": "nm0000494",
        "avatar": "https://m.media-amazon.com/images/M/MV5BMjAzMTU0OTk3OV5BMl5BanBnXkFtZTYwNjk4NzE3._V1_QL75_UX140_CR0,1,140,140_.jpg",
        "name": "Robert Sean Leonard",
        "episodes": null,
        "year": null,
        "as": "Dr. James Wilson"
      },
      {
        "id": "nm1312575",
        "avatar": "https://m.media-amazon.com/images/M/MV5BMTg5NTc1NzgwOV5BMl5BanBnXkFtZTcwMTcyMjIzMQ@@._V1_QL75_UX140_CR0,0,140,140_.jpg",
        "name": "Olivia Wilde",
        "episodes": null,
        "year": null,
        "as": "Thirteen"
      },
      {
        "id": "nm0951148",
        "avatar": "https://m.media-amazon.com/images/M/MV5BODk5ODQ1NTA4NF5BMl5BanBnXkFtZTcwNzU1MzMxMw@@._V1_QL75_UX140_CR0,4,140,140_.jpg",
        "name": "Odette Annable",
        "episodes": null,
        "year": null,
        "as": "Dr. Jessica Adams"
      },
      {
        "id": "nm2304722",
        "avatar": "https://m.media-amazon.com/images/M/MV5BMTg4NDgxMTUwNV5BMl5BanBnXkFtZTcwMzY0NzM3Mg@@._V1_QL75_UX140_CR0,0,140,140_.jpg",
        "name": "Charlyne Yi",
        "episodes": null,
        "year": null,
        "as": "Dr. Chi Park"
      },
      {
        "id": "nm0589505",
        "avatar": "https://m.media-amazon.com/images/M/MV5BNTM3ODkxODI4Ml5BMl5BanBnXkFtZTYwNjY3NDM0._V1_QL75_UX140_CR0,13,140,140_.jpg",
        "name": "Wentworth Miller",
        "episodes": null,
        "year": null,
        "as": "Benjamin Byrd"
      },
      {
        "id": "nm0674052",
        "avatar": "https://m.media-amazon.com/images/M/MV5BMTQzODgyOTg1MV5BMl5BanBnXkFtZTcwMzMwMjEzMQ@@._V1_QL75_UY140_CR35,0,140,140_.jpg",
        "name": "Ron Perkins",
        "episodes": null,
        "year": null,
        "as": "Dr. Ron Simpson"
      },
      {
        "id": "nm1926337",
        "avatar": "https://m.media-amazon.com/images/M/MV5BYTZkOTY2YTctYzcxMS00MzU2LTk1OGUtNDU3MDhkZWIxOTFkXkEyXkFqcGdeQXVyODA4NzY1OA@@._V1_QL75_UX140_CR0,5,140,140_.jpg",
        "name": "Toni Trucks",
        "episodes": null,
        "year": null,
        "as": "Trina"
      },
      {
        "id": "nm1581206",
        "avatar": "https://m.media-amazon.com/images/M/MV5BNmVlYTg3YjMtNDU3Ny00Y2Y4LWE3ZGUtNDk4NjBiM2E5MDhhXkEyXkFqcGdeQXVyMTEyNTUyNDQ@._V1_QL75_UX140_CR0,12,140,140_.jpg",
        "name": "Tawny Ren√© Hamilton",
        "episodes": null,
        "year": null,
        "as": "Carol"
      },
      {
        "id": "nm2843759",
        "avatar": "https://m.media-amazon.com/images/M/MV5BMTc5MDgxNTM0M15BMl5BanBnXkFtZTgwMzgxMTgxOTE@._V1_QL75_UX140_CR0,12,140,140_.jpg",
        "name": "Joanna Strapp",
        "episodes": null,
        "year": null,
        "as": "Kate"
      },
      {
        "id": "nm2515895",
        "avatar": "https://m.media-amazon.com/images/M/MV5BNTcwMzQwMzQwNl5BMl5BanBnXkFtZTcwNjM5MTY3Mg@@._V1_QL75_UX140_CR0,0,140,140_.jpg",
        "name": "Jaclyn Jonet",
        "episodes": null,
        "year": null,
        "as": "Amy"
      },
      {
        "id": "nm4391099",
        "name": "Niko Baur",
        "episodes": null,
        "year": null,
        "as": "Clancy"
      },
      {
        "id": "nm0075061",
        "name": "Bobbin Bergstrom",
        "episodes": null,
        "year": null,
        "as": "Nurse"
      },
      {
        "id": "nm5185990",
        "name": "Dan Zins",
        "episodes": null,
        "year": null,
        "as": "Patient"
      }
    ]
  },
  "related": [],
  "seasons": [],
  "version": 1
}