{
  "title": "#08527",
  "originalTitle": null,
  "release": "2021-11-27T05:00:00.000Z",
  "runtime": "2021â€“",
  "genre": [
    "Drama"
  ],
  "plot": "Over ambitious high school athlete gets into an altercation his coach and decides to leave for private school.",
  "director": [],
  "stars": [],
  "hero": {
    "media": {
      "poster": "https://m.media-amazon.com/images/M/MV5BMmNkYzU0YTEtNTBiOC00M2U4LTk3N2MtN2IyMTdmY2YzNTE0XkEyXkFqcGdeQXVyOTQyMTkzMDU@._V1_QL75_UY562_CR21,0,380,562_.jpg",
      "trailer": null
    }
  },
  "moreLikeThis": [],
  "cast": [],
  "metascore": null,
  "imdbRating": "",
  "imdbVotes": "",
  "imdbID": "tt13396124",
  "type": "tv_show",
  "tagline": "",
  "sl_plot_keywords": [],
  "language": [
    "English"
  ],
  "production": [
    "Mahvrick Global Ventures"
  ],
  "officialSite": [
    "M12 TV"
  ],
  "akas": [],
  "tech_color": [
    "Color"
  ],
  "tech_soundmix": [],
  "seasons": [
    1,
    2
  ],
  "version": 3
}