{
  "title": "1997",
  "originalTitle": null,
  "release": "2021-01-01T05:00:00.000Z",
  "runtime": "2021–",
  "genre": [
    "Sci-Fi"
  ],
  "plot": "When a group of college kids plan to make a trip into a part of the woods called 'Ghost Trail', strange occurrences start to happen. They quickly find out that the legend behind the woods is more then just \"a story\".",
  "director": [
    "McClinton Allen",
    "Bryson Bonta",
    "Monterio Caldwell"
  ],
  "stars": [
    "McClinton Allen",
    "Bryson Bonta",
    "Monterio Caldwell"
  ],
  "hero": {
    "media": {
      "poster": "https://m.media-amazon.com/images/M/MV5BOTA5OTkzYTAtNzIwMy00NTFiLTg0NzgtYWUyM2JmZTdlNDA5XkEyXkFqcGdeQXVyMTI0MzUzNjM4._V1_QL75_UY562_CR21,0,380,562_.jpg",
      "trailer": null
    }
  },
  "moreLikeThis": [
    {
      "id": "tt12366652",
      "poster": "https://m.media-amazon.com/images/M/MV5BOGQwNjNiODgtOWFjOS00ZGIyLWExNWQtNTVhYTlhMDIwNzQyXkEyXkFqcGdeQXVyMjg1MDY2MTM@._V1_QL75_UY207_CR49,0,140,207_.jpg",
      "title": "City of War"
    },
    {
      "id": "tt8855592",
      "poster": "https://m.media-amazon.com/images/M/MV5BZDMxMDExNWEtMjE0YS00YWMwLThiOTAtMTJjZjUxM2M2NWI4XkEyXkFqcGdeQXVyNDA5NTgxNjU@._V1_QL75_UY207_CR8,0,140,207_.jpg",
      "title": "Rojst"
    },
    {
      "id": "tt15417090",
      "poster": "https://m.media-amazon.com/images/M/MV5BNmM5ZTk5NTctN2JkYi00NmVkLWE5MGMtODJkMDgxOGRjMTQ5XkEyXkFqcGdeQXVyMTE1MzAyMDE4._V1_QL75_UY207_CR103,0,140,207_.jpg",
      "title": "1997"
    },
    {
      "id": "tt12809988",
      "poster": "https://m.media-amazon.com/images/M/MV5BOTk4ZDRhYzEtZWExNy00MjIyLTgyYmMtN2Y2MzA4YzZhZTZmXkEyXkFqcGdeQXVyODk4OTc3MTY@._V1_QL75_UY207_CR13,0,140,207_.jpg",
      "title": "Sweet Tooth"
    },
    {
      "id": "tt0108052",
      "poster": "https://m.media-amazon.com/images/M/MV5BNDE4OTMxMTctNmRhYy00NWE2LTg3YzItYTk3M2UwOTU5Njg4XkEyXkFqcGdeQXVyNjU0OTQ0OTY@._V1_QL75_UX140_CR0,1,140,207_.jpg",
      "title": "Schindler's List"
    }
  ],
  "cast": [
    {
      "id": "nm12161343",
      "name": "McClinton Allen",
      "episodes": "",
      "year": ""
    },
    {
      "id": "nm9692676",
      "avatar": "https://m.media-amazon.com/images/M/MV5BNDg1Njc4MjktNjc1ZS00YzIzLTg3NGQtNzQ2ZTBmNmNhZmRlXkEyXkFqcGdeQXVyOTkwOTk5NDU@._V1_QL75_UX140_CR0,12,140,140_.jpg",
      "name": "Bryson Bonta",
      "episodes": "",
      "year": ""
    },
    {
      "id": "nm9891091",
      "avatar": "https://m.media-amazon.com/images/M/MV5BMDA3MWZlMTMtNDhhYy00MTliLWJhMTItYTQyYTkwNzIyZDAxXkEyXkFqcGdeQXVyMjQwMDg0Ng@@._V1_QL75_UX140_CR0,1,140,140_.jpg",
      "name": "Monterio Caldwell",
      "episodes": "",
      "year": ""
    },
    {
      "id": "nm12161345",
      "name": "Giovonne Cardoza",
      "episodes": "",
      "year": ""
    },
    {
      "id": "nm11599417",
      "name": "Brice Chaney",
      "episodes": "",
      "year": ""
    },
    {
      "id": "nm10461003",
      "name": "Katrina Do",
      "episodes": "",
      "year": ""
    },
    {
      "id": "nm12161346",
      "name": "Hailey",
      "episodes": "",
      "year": ""
    },
    {
      "id": "nm4151111",
      "name": "Whitney Lavaux",
      "episodes": "",
      "year": ""
    },
    {
      "id": "nm10710994",
      "avatar": "https://m.media-amazon.com/images/M/MV5BMmVmODljOTItNGYyNi00OWYxLTgxYmMtZWRjN2QwMzhjMzQwXkEyXkFqcGdeQXVyOTg0NjI2NDQ@._V1_QL75_UX140_CR0,12,140,140_.jpg",
      "name": "RaVón Miles",
      "episodes": "",
      "year": ""
    },
    {
      "id": "nm12161347",
      "name": "Anton Mitchell",
      "episodes": "",
      "year": ""
    },
    {
      "id": "nm10227414",
      "avatar": "https://m.media-amazon.com/images/M/MV5BOGJjZjljMmItNTY3ZS00MzUyLWI3YTUtZTE1MThlNGY3NDBhXkEyXkFqcGdeQXVyOTQ1ODQwNTQ@._V1_QL75_UX140_CR0,12,140,140_.jpg",
      "name": "Kimberly D Norton",
      "episodes": "",
      "year": ""
    },
    {
      "id": "nm12161344",
      "avatar": "https://m.media-amazon.com/images/M/MV5BODA2OWNkYmQtYzBlZS00YjM0LTg4ZmUtZjQ2MjkxYjQ1ODkxXkEyXkFqcGdeQXVyMTI5Mzc0OTM3._V1_QL75_UX140_CR0,12,140,140_.jpg",
      "name": "Lilyana Nowicki",
      "episodes": "",
      "year": ""
    },
    {
      "id": "nm5334881",
      "avatar": "https://m.media-amazon.com/images/M/MV5BMmQ1NGJlOGEtOWM4Zi00ZTJiLTkwZDgtOThmZmNmNjc2NDY0XkEyXkFqcGdeQXVyMTAzMzYyODky._V1_QL75_UX140_CR0,6,140,140_.jpg",
      "name": "Tashi Simmons",
      "episodes": "",
      "year": ""
    },
    {
      "id": "nm10731356",
      "avatar": "https://m.media-amazon.com/images/M/MV5BY2E4ZTkzNTMtNmJiMi00ZWI1LWI4MTUtZjM3MWRmYzU1NGE2XkEyXkFqcGdeQXVyOTk5MTI1MzA@._V1_QL75_UX140_CR0,12,140,140_.jpg",
      "name": "Katrina Tameling",
      "episodes": "",
      "year": ""
    },
    {
      "id": "nm10049608",
      "name": "Jeanette Wilson",
      "episodes": "",
      "year": ""
    }
  ],
  "metascore": null,
  "imdbRating": "",
  "imdbVotes": "",
  "imdbID": "tt13675894",
  "type": "tv_show",
  "tagline": "",
  "sl_plot_keywords": [],
  "language": [
    "English"
  ],
  "production": [
    "Topshooter"
  ],
  "officialSite": [
    "official site"
  ],
  "akas": [],
  "tech_color": [
    "Color"
  ],
  "tech_soundmix": [],
  "seasons": [],
  "version": 3
}